running egg_info
creating build/drone_detector_sim/drone_detector_sim.egg-info
writing build/drone_detector_sim/drone_detector_sim.egg-info/PKG-INFO
writing dependency_links to build/drone_detector_sim/drone_detector_sim.egg-info/dependency_links.txt
writing entry points to build/drone_detector_sim/drone_detector_sim.egg-info/entry_points.txt
writing requirements to build/drone_detector_sim/drone_detector_sim.egg-info/requires.txt
writing top-level names to build/drone_detector_sim/drone_detector_sim.egg-info/top_level.txt
writing manifest file 'build/drone_detector_sim/drone_detector_sim.egg-info/SOURCES.txt'
reading manifest file 'build/drone_detector_sim/drone_detector_sim.egg-info/SOURCES.txt'
writing manifest file 'build/drone_detector_sim/drone_detector_sim.egg-info/SOURCES.txt'
running build
running build_py
creating /home/antonio/simulations/drone_detector_sim/build/drone_detector_sim/build/lib/drone_detector_sim
copying drone_detector_sim/ground_truth_tf_node.py -> /home/antonio/simulations/drone_detector_sim/build/drone_detector_sim/build/lib/drone_detector_sim
copying drone_detector_sim/drone_controller_node.py -> /home/antonio/simulations/drone_detector_sim/build/drone_detector_sim/build/lib/drone_detector_sim
copying drone_detector_sim/ground_truth_bbox_node.py -> /home/antonio/simulations/drone_detector_sim/build/drone_detector_sim/build/lib/drone_detector_sim
copying drone_detector_sim/__init__.py -> /home/antonio/simulations/drone_detector_sim/build/drone_detector_sim/build/lib/drone_detector_sim
running install
running install_lib
creating /home/antonio/simulations/drone_detector_sim/install/drone_detector_sim/lib/python3.10/site-packages/drone_detector_sim
copying /home/antonio/simulations/drone_detector_sim/build/drone_detector_sim/build/lib/drone_detector_sim/ground_truth_tf_node.py -> /home/antonio/simulations/drone_detector_sim/install/drone_detector_sim/lib/python3.10/site-packages/drone_detector_sim
copying /home/antonio/simulations/drone_detector_sim/build/drone_detector_sim/build/lib/drone_detector_sim/drone_controller_node.py -> /home/antonio/simulations/drone_detector_sim/install/drone_detector_sim/lib/python3.10/site-packages/drone_detector_sim
copying /home/antonio/simulations/drone_detector_sim/build/drone_detector_sim/build/lib/drone_detector_sim/ground_truth_bbox_node.py -> /home/antonio/simulations/drone_detector_sim/install/drone_detector_sim/lib/python3.10/site-packages/drone_detector_sim
copying /home/antonio/simulations/drone_detector_sim/build/drone_detector_sim/build/lib/drone_detector_sim/__init__.py -> /home/antonio/simulations/drone_detector_sim/install/drone_detector_sim/lib/python3.10/site-packages/drone_detector_sim
byte-compiling /home/antonio/simulations/drone_detector_sim/install/drone_detector_sim/lib/python3.10/site-packages/drone_detector_sim/ground_truth_tf_node.py to ground_truth_tf_node.cpython-310.pyc
byte-compiling /home/antonio/simulations/drone_detector_sim/install/drone_detector_sim/lib/python3.10/site-packages/drone_detector_sim/drone_controller_node.py to drone_controller_node.cpython-310.pyc
byte-compiling /home/antonio/simulations/drone_detector_sim/install/drone_detector_sim/lib/python3.10/site-packages/drone_detector_sim/ground_truth_bbox_node.py to ground_truth_bbox_node.cpython-310.pyc
byte-compiling /home/antonio/simulations/drone_detector_sim/install/drone_detector_sim/lib/python3.10/site-packages/drone_detector_sim/__init__.py to __init__.cpython-310.pyc
running install_data
creating /home/antonio/simulations/drone_detector_sim/install/drone_detector_sim/share/ament_index/resource_index/packages
copying resource/drone_detector_sim -> /home/antonio/simulations/drone_detector_sim/install/drone_detector_sim/share/ament_index/resource_index/packages
copying package.xml -> /home/antonio/simulations/drone_detector_sim/install/drone_detector_sim/share/drone_detector_sim
creating /home/antonio/simulations/drone_detector_sim/install/drone_detector_sim/share/drone_detector_sim/launch
copying launch/detect_sim.launch.py -> /home/antonio/simulations/drone_detector_sim/install/drone_detector_sim/share/drone_detector_sim/launch
creating /home/antonio/simulations/drone_detector_sim/install/drone_detector_sim/share/drone_detector_sim/worlds
copying worlds/detector_world.sdf -> /home/antonio/simulations/drone_detector_sim/install/drone_detector_sim/share/drone_detector_sim/worlds
creating /home/antonio/simulations/drone_detector_sim/install/drone_detector_sim/share/drone_detector_sim/rviz
copying rviz/config.rviz -> /home/antonio/simulations/drone_detector_sim/install/drone_detector_sim/share/drone_detector_sim/rviz
running install_egg_info
Copying build/drone_detector_sim/drone_detector_sim.egg-info to /home/antonio/simulations/drone_detector_sim/install/drone_detector_sim/lib/python3.10/site-packages/drone_detector_sim-0.0.0-py3.10.egg-info
running install_scripts
Installing drone_controller_node script to /home/antonio/simulations/drone_detector_sim/install/drone_detector_sim/lib/drone_detector_sim
Installing ground_truth_bbox_node script to /home/antonio/simulations/drone_detector_sim/install/drone_detector_sim/lib/drone_detector_sim
Installing ground_truth_tf_node script to /home/antonio/simulations/drone_detector_sim/install/drone_detector_sim/lib/drone_detector_sim
writing list of installed files to '/home/antonio/simulations/drone_detector_sim/build/drone_detector_sim/install.log'
